<!--<ion-header>-->
  <!--<ion-toolbar>-->
    <!--<ion-title>golden</ion-title>-->
  <!--</ion-toolbar>-->
<!--</ion-header>-->

<ion-content>


  <ion-card style="width: 100%;height: 3rem;">
    <ion-grid>
      <ion-row>
        <ion-col>
          <ion-label>名称</ion-label>
        </ion-col>

        <ion-col>
          <ion-label>入选天数</ion-label>
        </ion-col>

        <ion-col>
          <ion-label>入选日期</ion-label>
        </ion-col>

        <ion-col>
          <ion-label>入选价格</ion-label>
        </ion-col>

        <ion-col>
          <ion-label>涨幅</ion-label>
        </ion-col>
      </ion-row>
    </ion-grid>
  </ion-card>

  <ion-card>
    <!--<ion-card-header>-->
      <!--&lt;!&ndash;<ion-card-subtitle>Card Subtitle</ion-card-subtitle>&ndash;&gt;-->
      <!--<ion-card-title>Card Title</ion-card-title>-->
    <!--</ion-card-header>-->

    <ion-grid>
      <ion-row>
        <ion-col>
          <ion-label>金猪资讯</ion-label>
        </ion-col>

        <ion-col>
          <ion-badge>3</ion-badge>
        </ion-col>

        <ion-col>
          <ion-badge>3.15-12:38</ion-badge>
        </ion-col>

        <ion-col>
          <ion-badge>￥96</ion-badge>
        </ion-col>

        <ion-col>
          <ion-label style="color: #FF5029">+6.6%</ion-label>
        </ion-col>
      </ion-row>
    </ion-grid>

    <ion-grid>
      <ion-row>
        <ion-col>
          <ion-label>金猪资讯</ion-label>
        </ion-col>

        <ion-col>
          <ion-badge>3</ion-badge>
        </ion-col>

        <ion-col>
          <ion-badge>3.15-12:38</ion-badge>
        </ion-col>

        <ion-col>
          <ion-badge>￥96</ion-badge>
        </ion-col>

        <ion-col>
          <ion-label style="color: #FF5029">+6.6%</ion-label>
        </ion-col>
      </ion-row>
    </ion-grid>


    <ion-grid>
      <ion-row>
        <ion-col>
          <ion-label>金猪资讯</ion-label>
        </ion-col>

        <ion-col>
          <ion-badge>3</ion-badge>
        </ion-col>

        <ion-col>
          <ion-badge>3.15-12:38</ion-badge>
        </ion-col>

        <ion-col>
          <ion-badge>￥96</ion-badge>
        </ion-col>

        <ion-col>
          <ion-label style="color: #FF5029">+6.6%</ion-label>
        </ion-col>
      </ion-row>
    </ion-grid>


    <ion-grid>
      <ion-row>
        <ion-col>
          <ion-label>金猪资讯</ion-label>
        </ion-col>

        <ion-col>
          <ion-badge>3</ion-badge>
        </ion-col>

        <ion-col>
          <ion-badge>3.15-12:38</ion-badge>
        </ion-col>

        <ion-col>
          <ion-badge>￥96</ion-badge>
        </ion-col>

        <ion-col>
          <ion-label style="color: #FF5029">+6.6%</ion-label>
        </ion-col>
      </ion-row>
    </ion-grid>


    <ion-grid>
      <ion-row>
        <ion-col>
          <ion-label>金猪资讯</ion-label>
        </ion-col>

        <ion-col>
          <ion-badge>3</ion-badge>
        </ion-col>

        <ion-col>
          <ion-badge>3.15-12:38</ion-badge>
        </ion-col>

        <ion-col>
          <ion-badge>￥96</ion-badge>
        </ion-col>

        <ion-col>
          <ion-label style="color: #FF5029">+6.6%</ion-label>
        </ion-col>
      </ion-row>
    </ion-grid>

    <!--<ion-card-content>-->
      <!--Keep close to Nature's heart... and break clear away, once in awhile,-->
      <!--and climb a mountain or spend a week in the woods. Wash your spirit clean.-->
    <!--</ion-card-content>-->
  </ion-card>

  <ion-card>
    <ion-card-header>
      <!--<ion-card-subtitle>Card Subtitle</ion-card-subtitle>-->
      <ion-card-title>Card Title</ion-card-title>
    </ion-card-header>

    <ion-item>
      <ion-icon name="pin" slot="start"></ion-icon>
      <ion-label>ion-item in a card, icon left, button right</ion-label>
      <ion-button fill="outline" slot="end">View</ion-button>
    </ion-item>

    <ion-card-content>
      This is content, without any paragraph or header tags,
      within an ion-card-content element.
    </ion-card-content>
  </ion-card>

  <ion-card>
    <ion-item href="#" class="activated">
      <ion-icon name="wifi" slot="start"></ion-icon>
      <ion-label>Card Link Item 1 .activated</ion-label>
    </ion-item>

    <ion-item href="#">
      <ion-icon name="wine" slot="start"></ion-icon>
      <ion-label>Card Link Item 2</ion-label>
    </ion-item>

    <ion-item class="activated">
      <ion-icon name="warning" slot="start"></ion-icon>
      <ion-label>Card Button Item 1 .activated</ion-label>
    </ion-item>

    <ion-item>
      <ion-icon name="walk" slot="start"></ion-icon>
      <ion-label>Card Button Item 2</ion-label>
    </ion-item>
  </ion-card>


  <ion-chip color="secondary">
    <ion-label color="dark">Secondary w/ Dark label</ion-label>
  </ion-chip>

  <ion-toolbar>
    <ion-title>Title Only</ion-title>
    <ion-ripple-effect></ion-ripple-effect>
  </ion-toolbar>

  <ion-toolbar>
    <ion-buttons slot="start">
      <ion-back-button></ion-back-button>
    </ion-buttons>
    <ion-title>Back Button</ion-title>
  </ion-toolbar>

  <ion-toolbar>
    <ion-buttons slot="secondary">
      <ion-button>
        <ion-icon slot="icon-only" name="contact"></ion-icon>
      </ion-button>
      <ion-button>
        <ion-icon slot="icon-only" name="search"></ion-icon>
      </ion-button>
    </ion-buttons>
    <ion-buttons slot="primary">
      <ion-button color="secondary">
        <ion-icon slot="icon-only" name="more"></ion-icon>
      </ion-button>
    </ion-buttons>
    <ion-title>Default Buttons</ion-title>
  </ion-toolbar>

  <ion-toolbar>
    <ion-buttons slot="secondary">
      <ion-button fill="solid">
        <ion-icon slot="start" name="contact"></ion-icon>
        Contact
      </ion-button>
    </ion-buttons>
    <ion-title>Solid Buttons</ion-title>
    <ion-buttons slot="primary">
      <ion-button fill="solid" color="secondary">
        Help
        <ion-icon slot="end" name="help-circle"></ion-icon>
      </ion-button>
    </ion-buttons>
  </ion-toolbar>

  <ion-toolbar>
    <ion-buttons slot="secondary">
      <ion-button fill="outline">
        <ion-icon slot="start" name="star"></ion-icon>
        Star
      </ion-button>
    </ion-buttons>
    <ion-title>Outline Buttons</ion-title>
    <ion-buttons slot="primary">
      <ion-button color="danger" fill="outline">
        Edit
        <ion-icon slot="end" name="create"></ion-icon>
      </ion-button>
    </ion-buttons>
  </ion-toolbar>

  <ion-toolbar>
    <ion-buttons slot="secondary">
      <ion-button>
        Account
      </ion-button>
    </ion-buttons>
    <ion-buttons slot="primary">
      <ion-button color="danger">
        Edit
      </ion-button>
    </ion-buttons>
    <ion-title>Text Only Buttons</ion-title>
  </ion-toolbar>

  <ion-toolbar>
    <ion-buttons slot="start">
      <ion-menu-button auto-hide="false"></ion-menu-button>
    </ion-buttons>
    <ion-buttons slot="secondary">
      <ion-button>
        <ion-icon slot="icon-only" name="star"></ion-icon>
      </ion-button>
    </ion-buttons>
    <ion-title>Left side menu toggle</ion-title>
  </ion-toolbar>

  <ion-toolbar>
    <ion-buttons slot="primary">
      <ion-button onclick="clickedStar()">
        <ion-icon slot="icon-only" name="star"></ion-icon>
      </ion-button>
    </ion-buttons>
    <ion-title>Right side menu toggle</ion-title>
    <ion-buttons slot="end">
      <ion-menu-button auto-hide="false"></ion-menu-button>
    </ion-buttons>
  </ion-toolbar>

  <ion-toolbar>
    <ion-buttons slot="primary">
      <ion-button onclick="clickedSearch()">
        <ion-icon slot="icon-only" name="search"></ion-icon>
      </ion-button>
    </ion-buttons>
    <ion-searchbar placeholder="Search Favorites"></ion-searchbar>
  </ion-toolbar>

  <ion-toolbar>
    <ion-segment>
      <ion-segment-button value="all" checked>
        All
      </ion-segment-button>
      <ion-segment-button value="favorites">
        Favorites
      </ion-segment-button>
    </ion-segment>
  </ion-toolbar>

  <ion-toolbar color="secondary">
    <ion-buttons slot="secondary">
      <ion-button>
        <ion-icon slot="icon-only" name="contact"></ion-icon>
      </ion-button>
      <ion-button>
        <ion-icon slot="icon-only" name="search"></ion-icon>
      </ion-button>
    </ion-buttons>
    <ion-buttons slot="primary">
      <ion-button color="primary">
        <ion-icon slot="icon-only" name="more"></ion-icon>
      </ion-button>
    </ion-buttons>
    <ion-title>Secondary Toolbar</ion-title>
  </ion-toolbar>

  <ion-toolbar color="dark">
    <ion-buttons slot="secondary">
      <ion-button>
        <ion-icon slot="icon-only" name="contact"></ion-icon>
      </ion-button>
      <ion-button>
        <ion-icon slot="icon-only" name="search"></ion-icon>
      </ion-button>
    </ion-buttons>
    <ion-buttons slot="primary">
      <ion-button color="danger">
        <ion-icon slot="icon-only" name="more"></ion-icon>
      </ion-button>
    </ion-buttons>
    <ion-title>Dark Toolbar</ion-title>
  </ion-toolbar>



  <ion-toolbar>
    <ion-title>Title Only</ion-title>
  </ion-toolbar>

  <ion-toolbar>
    <ion-buttons slot="start">
      <ion-back-button></ion-back-button>
    </ion-buttons>
    <ion-title>Back Button</ion-title>
  </ion-toolbar>

  <ion-toolbar>
    <ion-buttons slot="secondary">
      <ion-button>
        <ion-icon slot="icon-only" name="contact"></ion-icon>
      </ion-button>
      <ion-button>
        <ion-icon slot="icon-only" name="search"></ion-icon>
      </ion-button>
    </ion-buttons>
    <ion-buttons slot="primary">
      <ion-button color="secondary">
        <ion-icon slot="icon-only" name="more"></ion-icon>
      </ion-button>
    </ion-buttons>
    <ion-title>Default Buttons</ion-title>
  </ion-toolbar>

  <ion-toolbar>
    <ion-buttons slot="secondary">
      <ion-button fill="solid">
        <ion-icon slot="start" name="contact"></ion-icon>
        Contact
      </ion-button>
    </ion-buttons>
    <ion-title>Solid Buttons</ion-title>
    <ion-buttons slot="primary">
      <ion-button fill="solid" color="secondary">
        Help
        <ion-icon slot="end" name="help-circle"></ion-icon>
      </ion-button>
    </ion-buttons>
  </ion-toolbar>

  <ion-toolbar>
    <ion-buttons slot="secondary">
      <ion-button fill="outline">
        <ion-icon slot="start" name="star"></ion-icon>
        Star
      </ion-button>
    </ion-buttons>
    <ion-title>Outline Buttons</ion-title>
    <ion-buttons slot="primary">
      <ion-button color="danger" fill="outline">
        Edit
        <ion-icon slot="end" name="create"></ion-icon>
      </ion-button>
    </ion-buttons>
  </ion-toolbar>

  <ion-toolbar>
    <ion-buttons slot="secondary">
      <ion-button>
        Account
      </ion-button>
    </ion-buttons>
    <ion-buttons slot="primary">
      <ion-button color="danger">
        Edit
      </ion-button>
    </ion-buttons>
    <ion-title>Text Only Buttons</ion-title>
  </ion-toolbar>

  <ion-toolbar>
    <ion-buttons slot="start">
      <ion-menu-button autoHide="false"></ion-menu-button>

    </ion-buttons>
    <ion-buttons slot="secondary">
      <ion-button>
        <ion-icon slot="icon-only" name="star"></ion-icon>
      </ion-button>
    </ion-buttons>
    <ion-title>Left side menu toggle</ion-title>
  </ion-toolbar>

  <!--<ion-toolbar>-->
    <!--<ion-buttons slot="primary">-->
      <!--<ion-button (click)="clickedStar()">-->
        <!--<ion-icon slot="icon-only" name="star"></ion-icon>-->
      <!--</ion-button>-->
    <!--</ion-buttons>-->
    <!--<ion-title>Right side menu toggle</ion-title>-->
    <!--<ion-buttons slot="end">-->
      <!--<ion-menu-button autoHide="false"></ion-menu-button>-->

    <!--</ion-buttons>-->
  <!--</ion-toolbar>-->

  <!--<ion-toolbar>-->
    <!--<ion-buttons slot="primary">-->
      <!--<ion-button (click)="clickedSearch()">-->
        <!--<ion-icon slot="icon-only" name="search"></ion-icon>-->
      <!--</ion-button>-->
    <!--</ion-buttons>-->
    <!--<ion-searchbar placeholder="Search Favorites"></ion-searchbar>-->
  <!--</ion-toolbar>-->

  <ion-toolbar>
    <ion-segment>
      <ion-segment-button value="all" checked>
        All
      </ion-segment-button>
      <ion-segment-button value="favorites">
        Favorites
      </ion-segment-button>
    </ion-segment>
  </ion-toolbar>

  <ion-toolbar color="secondary">
    <ion-buttons slot="secondary">
      <ion-button>
        <ion-icon slot="icon-only" name="contact"></ion-icon>
      </ion-button>
      <ion-button>
        <ion-icon slot="icon-only" name="search"></ion-icon>
      </ion-button>
    </ion-buttons>
    <ion-buttons slot="primary">
      <ion-button color="primary">
        <ion-icon slot="icon-only" name="more"></ion-icon>
      </ion-button>
    </ion-buttons>
    <ion-title>Secondary Toolbar</ion-title>
  </ion-toolbar>

  <ion-toolbar color="dark">
    <ion-buttons slot="secondary">
      <ion-button>
        <ion-icon slot="icon-only" name="contact"></ion-icon>
      </ion-button>
      <ion-button>
        <ion-icon slot="icon-only" name="search"></ion-icon>
      </ion-button>
    </ion-buttons>
    <ion-buttons slot="primary">
      <ion-button color="danger">
        <ion-icon slot="icon-only" name="more"></ion-icon>
      </ion-button>
    </ion-buttons>
    <ion-title>Dark Toolbar</ion-title>
  </ion-toolbar>
</ion-content>
